pages:
- page_num: 1
  start_line: 1
- page_num: 2
  start_line: 25
