pages:
- page_num: 1
  start_line: 1
- page_num: 2
  start_line: 34
- page_num: 3
  start_line: 49
- page_num: 4
  start_line: 82
- page_num: 5
  start_line: 113
